running analysis for mur92
similarity matrix shape: (92, 92)
rank grid: 1 to 30
effective dimension :  1.0822270065281208
2.8595471966623274 4.8944263697935035
1.7521621612995415 11.701748157130083
3.044830948766026 11.701748157130083
10.365833433756737 0.3179163951766174
p_min 0.5842456256590846
empirical_p_min 0.14973507699633049
empirical_p_min_alternative 0.260203083153072
theory_p_min 32.60553274705456
[sanity] p=0.99: bulk=0.2938, count_out=92, lambda1=26.76, lambda2=3.102
p*=0.9098, bulk=1.69047, count_out(p*)=2
sampling bounds: pmin=0.1497, pmax=0.9098
using sampling_fraction=0.5298
Running 600 jobs (30 params x 20 CV splits)
optimal rank: 3
clustering range: 2 to 7
fitting consensus pipeline with 50 runs
optimal clusters: 3
results saved to /raven/u/fmahner/similarity-factorization/experiments/embedding_generation/mur92/outputs/mur92
                                  
================================= 
Global information about the job: 
================================= 
  
Job owner: fmahner(50045)
Job name:  embedding_generation_mur92
Node list: ravc4047
Job start: Tue Oct  7 15:36:34 CEST 2025
Job end:   Tue Oct  7 15:37:58 CEST 2025
Work dir:  /raven/u/fmahner/similarity-factorization
Command:   (null)
  
  
  
==========================================================================================
Information on jobsteps (Note: MaxRSS/AveRSS is the maximum/average over all 
tasks of the per-task memory high-water marks; cf. "man sacct"): 
==========================================================================================
  
JobID            JobName NNodes NTasks  NCPUS       MaxRSS       AveRSS    Elapsed ExitCode
------------- ---------- ------ ------ ------ ------------ ------------ ---------- --------
22376458      embedding_      1             8                             00:01:24      0:0
  
Maximum memory per node: 1.192428 GB (defined as MaxRSS*Ntasks/NNodes)
CPU utilization: 18.8 %
  
